{
  "ok": false,
  "objects": [
    "shell",
    "thorax",
    "head",
    "eye_left",
    "eye_right",
    "mandible_left",
    "mandible_right",
    "antenna_left",
    "antenna_right",
    "front_left_upper",
    "front_left_lower",
    "front_right_upper",
    "front_right_lower",
    "rear_left_upper",
    "rear_left_lower",
    "rear_right_upper",
    "rear_right_lower",
    "beetle_rig"
  ],
  "materials": [
    "patterned_copper",
    "warm_copper",
    "dark_head",
    "ruby_eyes",
    "brass_antennae",
    "darkened_steel_legs"
  ],
  "actions": [
    "clockwork_walk"
  ],
  "exports": [],
  "warnings": [],
  "errors": [
    "ValueError: unknown pattern 'scales' (choose from ['bricks', 'checker', 'gradient', 'noise', 'solid'])"
  ],
  "error_records": [
    {
      "code": "execution_error",
      "stage": "runtime",
      "path": "recipe",
      "message": "ValueError: unknown pattern 'scales' (choose from ['bricks', 'checker', 'gradient', 'noise', 'solid'])"
    }
  ],
  "manifest": [],
  "partial_publication": false
}
